to download: 80
[1/80]   3.31MB 2016__Goldbelt_Incorporated__2016_Goldbelt_-_ANNUAL_REPORT_REC._5-5-17__b3ac56d9.pdf
[2/80]   3.03MB 2016__Huna_Totem_Corporation__2016_Huna_Totem_Annual_Report_04-19-17__e2ed129c.pdf
[3/80]   1.35MB 2016__Olgoonik_Corporation__2016_Olgoonik_Annual_Report_Rec._5-12-17__7df6b8b5.pdf
[4/80]  12.66MB 2016__Sitnasuak_Native_Corporation__2016_Sitnasuak_Annual_Report_4-21-17__52ff8c9e.pdf
[5/80]   0.73MB 2016__Tikigaq_Corporation__2016_Tikigaq_-_Annual_Report_Rec._3-6-17__1ecb9b89.pdf
[6/80]   6.74MB 2016__Ukpeagvik_Inupiat_Corporation__2016_Ukpeagvik_Inupiat_Annual_Report_Rec._5-9-17__f5f
[7/80]   4.15MB 2017__Goldbelt_Incorporated__2017_Goldbelt_Annual_Report_6-20-18__078aa6eb.pdf
[8/80]   9.74MB 2017__Huna_Totem_Corporation__2017_Huna_Totem_Annual_Report-04-18-18__24feb683.pdf
[9/80]  15.48MB 2017__Olgoonik_Corporation__2017_Olgoonik_Annual_Report_7-2-2018__31c7b6a4.pdf
[10/80]   7.65MB 2017__Sitnasuak_Native_Corporation__2017_Sitnasuak_Annual_Report_7-27-18__cf9c3f56.pdf
[11/80]   1.47MB 2017__Tikigaq_Corporation__2017_Tikigaq_-_Annual_Report__Rec._2-16-18__7561e745.pdf
[12/80]   1.58MB 2017__Ukpeagvik_Inupiat_Corporation__2017_Ukpeagvik_Inupiat_financials_2016_001__501481bf.
[13/80]  37.52MB 2018__Goldbelt_Incorporated__2018_Goldbelt_Annual_Report_5-21-19__e3a29202.pdf
[14/80]  11.75MB 2018__Huna_Totem_Corporation__2018_Huna_Totem_Annual_Report_04-17-19__08cc17b6.pdf
[15/80]   3.42MB 2018__Huna_Totem_Corporation__2018_Huna_Totem_Annual_Report_04-17-19__2___37ca0bee.pdf
[16/80]  12.11MB 2018__Olgoonik_Corporation__2018_Olgoonik_Annual_Report_5-14-19__eb486463.pdf
[17/80]   3.22MB 2018__Sitnasuak_Native_Corporation__2018_Sitnasuak_-__Annual_Report_SNC_optimized_Rec._9-3
[18/80]   3.35MB 2018__Sitnasuak_Native_Corporation__2018_Sitnasuak_Annual_Report_4-23-19__061e8a6d.pdf
[19/80]   5.62MB 2018__Ukpeagvik_Inupiat_Corporation__2018_Ukpeagvik_Inupiat_Annual_Report_5-2-19__0da5bbae
[20/80]   0.51MB 2018__Ukpeagvik_Inupiat_Corporation__2018_Ukpeagvik_Inupiat_Annual_Report_5-2-19__2___57cb
[21/80]  15.32MB 2019__Goldbelt_Incorporated__2019_Goldbelt_Annual_Report_5-22-2020__e5a1c7b7.pdf
[22/80]  47.63MB 2019__Huna_Totem_Corporation__2019_Huna_Totem_Annual_Report_6-23-2020__504f0d78.pdf
[23/80]   2.40MB 2019__Olgoonik_Corporation__2019_Olgoonik_Annual_Report_5-4-2020__3ba6f565.pdf
[24/80]  11.87MB 2019__Sitnasuak_Native_Corporation__2019_Sitnasuak_Annual_Report_6-19-2020__c8054ef4.pdf
[25/80]   2.54MB 2019__Sitnasuak_Native_Corporation__2019_Sitnasuak_Trust_Annual_Report_6-19-20__51764383.p
[26/80]   0.09MB 2019__Tikigaq_Corporation__2019_Tikigaq_Proxy_Materials_5-30-19__acd0d26f.pdf
[27/80]   6.56MB 2019__Ukpeagvik_Inupiat_Corporation__2019_Ukpeagvik_Inupiat_Annual_Report_5-12-2020__16ef6
[28/80]   0.71MB 2019__Ukpeagvik_Inupiat_Corporation__2019_Ukpeagvik_Inupiat_Audited_Financial_Statements_5
[29/80]   6.29MB 2020__Goldbelt_Incorporated__2020_Goldbelt_Annual_Report_05-21-21__19d18712.pdf
[30/80]  11.76MB 2020__Huna_Totem_Corporation__2020_Huna_Totem_Annual_Report__970c329a.pdf
[31/80]  11.76MB 2020__Huna_Totem_Corporation__2020_Huna_Totem_Annual_Report_4-28-21__e365246d.pdf
[32/80]  11.76MB 2020__Huna_Totem_Corporation__2020_Huna_Totem_Annual_Report_4-29-21__d6f9831b.pdf
[33/80]   6.78MB 2020__Olgoonik_Corporation__2020_Olgoonik_Annual_Report_4-26-21__644381b9.pdf
[34/80]   7.25MB 2020__Sitnasuak_Native_Corporation__2020_Sitnasuak_Native_Corporation_Annual_Report_07-08-
[35/80]   1.12MB 2020__Sitnasuak_Native_Corporation__2020_Sitnasuak_Native_Corporation_Trust_Report_07-08-2
[36/80]   2.34MB 2020__Ukpeagvik_Inupiat_Corporation__2020_Ukpeagvik_Inupiat_Annual_Report_4-16-21__96272e1
[37/80]   0.39MB 2020__Ukpeagvik_Inupiat_Corporation__2020_Ukpeagvik_Inupiat_Financial_Statements_4-16-21__
[38/80]   8.59MB 2021__Goldbelt_Incorporated__2021_Goldbelt_Annual_Report_05-20-22__f517bc18.pdf
[39/80]  61.37MB 2021__Huna_Totem_Corporation__2021_Huna_Totem_Annual_Report_04-27-22__a66739d1.pdf
[40/80]   0.53MB 2021__Kuukpik_Corporation__2021_Kuukpik_Corp._Consolidated_Financials_06-01-22__3___3fe2c1
[41/80]  17.77MB 2021__Olgoonik_Corporation__2021_Olgoonik_Annual_Report_05-05-22__005bc50d.pdf
[42/80]  12.80MB 2021__Sitnasuak_Native_Corporation__2021_Sitnasuak_Native_Corp._Annual_Report_05-19-22__a3
[43/80]  14.12MB 2021__Sitnasuak_Native_Corporation__2021_Sitnasuak_Native_Corp._Annual_Report_Guide_05-19-
[44/80]   1.40MB 2021__Sitnasuak_Native_Corporation__2021_Sitnasuak_Native_Corp._Trust_Annual_Report_05-19-
[45/80]   1.82MB 2021__Tikigaq_Corporation__2021_Tikigaq_Annual_Report_05-04-22__6e38fa02.pdf
[46/80]   0.33MB 2021__Tikigaq_Corporation__2021_Tikigaq_Financial_Statements_07-12-22__9___a9e963fe.pdf
[47/80]   2.80MB 2021__Ukpeagvik_Inupiat_Corporation__2021_Ukpeagvik_Inupiat_Annual_Report_04-18-22__9___20
[48/80]   0.65MB 2021__Ukpeagvik_Inupiat_Corporation__2021_Ukpeagvik_Inupiat_Consolidated_Financial_Reports
[49/80]  51.75MB 2022__Goldbelt_Incorporated__2022_Goldbelt_Annual_Report_5-19-2023__87384f92.pdf
[50/80]  41.56MB 2022__Huna_Totem_Corporation__2022_Huna_Totem_Annual_Report_4-26-23__fe9d88fc.pdf
[51/80]  14.96MB 2022__Olgoonik_Corporation__2022_Olgoonik_Annual_Report_5-01-23__a14b1aba.pdf
[52/80]  58.25MB 2022__Sitnasuak_Native_Corporation__2022_Sitnasuak_Annual_Report_5-22-2023__eb20144c.pdf
[53/80]   0.63MB 2022__Sitnasuak_Native_Corporation__2022_Sitnasuak_Annual_Report_5-22-2023__66375f8c.pdf
[54/80]  53.99MB 2022__Ukpeagvik_Inupiat_Corporation__2022_Ukpeagvik_Inupiat_Annual_Report_4-24-23__c2db7b3
[55/80]   1.74MB 2022__Ukpeagvik_Inupiat_Corporation__2022-2021_Ukpeagvik_Inupiat_Audited_Financials_4-24-2
[56/80]  58.19MB 2023__Goldbelt_Incorporated__2023_Goldbelt_Annual_Report_5-24-24__7e2af69d.pdf
[57/80]  58.19MB 2023__Goldbelt_Incorporated__2023_Goldbelt_Annual_Report_5-24-24__c0ae4a6f.pdf
[58/80]  81.15MB 2023__Huna_Totem_Corporation__2023_Huna_Totem_Annual_Report_5-8-24__4ebf48b7.pdf
[59/80]  81.15MB 2023__Huna_Totem_Corporation__2023_Huna_Totem_Annual_Report_Final_5-9-24__2bb470bb.pdf
[60/80]   2.02MB 2023__Kuukpik_Corporation__2023_Kuukpik_Annual_Report_6-13-2023__139a7db6.pdf
[61/80]  19.22MB 2023__Olgoonik_Corporation__2023_Olgoonik_Annual_Report_4-30-24__5dfdfbd4.pdf
[62/80]  13.88MB 2023__Sitnasuak_Native_Corporation__2023_Sitnasuak_Annual_Report_5-21-24__eb92cc41.pdf
[63/80]  16.91MB 2023__Ukpeagvik_Inupiat_Corporation__2023_UIC_Annual_Report_5-3-24__47f31f57.pdf
[64/80]   0.61MB 2023__Ukpeagvik_Inupiat_Corporation__2023_UIC_Audited_Financial_Statements_5-3-24__8a12ff8
[65/80]  26.64MB 2024__Goldbelt_Incorporated__2024_Goldbelt_Annual_Report_5-30-25__c849d568.pdf
[66/80]  19.67MB 2024__Huna_Totem_Corporation__2024_Huna_Totem_Annual-Report_5-07-25__3a657eff.pdf
[67/80]  19.61MB 2024__Olgoonik_Corporation__2024_Olgoonik_Annual_Report_5-06-25__74081576.pdf
[68/80]   0.39MB 2024__Sitnasuak_Native_Corporation__2024_Sitnasuak_Native_Corporation_Annual_Report_4-21-2
[69/80]  11.25MB 2024__Ukpeagvik_Inupiat_Corporation__2024_UIC_Annual_Report_5-2-25__5fc65cf8.pdf
[70/80]   4.23MB 2024__Ukpeagvik_Inupiat_Corporation__2024_UIC_Finacial_Statements_5-2-25__5___c0c1c366.pdf
[71/80]  18.01MB 2025__Goldbelt_Incorporated__2025_Goldbelt_Incorporated_Annual_Report_7-8-2026__fa259de5.p
[72/80]  70.21MB 2025__Huna_Totem_Corporation__2025_Huna_Totem_Corporation_Annual_Report_5-1-2026__584daba7
[73/80]  13.34MB 2025__Huna_Totem_Corporation__2025_Huna_Totem_Corporation_Annual_Report_5-8-2026__3804c0ec
[74/80]  14.42MB 2025__Olgoonik_Corporation__2025_Olgoonik_Corporation_Annual_Report_5-5-2026_1___f711f712.
[75/80]  27.64MB 2025__Sitnasuak_Native_Corporation__2025_Sitnasuak_Native_Corporation_Annual_Report_5-14-2
[76/80]   0.43MB 2025__Sitnasuak_Native_Corporation__2025_Sitnasuak_Native_Corporation_Consolidated_Financi
[77/80]   5.96MB 2025__Sitnasuak_Native_Corporation__2025_Sitnasuak_Native_Corporation_Trust_Annual_Report_
[78/80]   0.08MB 2025__Tikigaq_Corporation__2025_Tikigaq_Corporation_Annual_Report_3-26-2026__604eeab5.pdf
[79/80]  12.38MB 2025__Ukpeagvik_Inupiat_Corporation__2025_Ukpeagvik_Inupiat_Corporation_Annual_Report_4-16
[80/80]   1.64MB 2026__Olgoonik_Corporation__2026_Olgoonik_Corporation_Proxy_Statement_and_2025_Consolidate
DONE total manifest rows 80
