2016  12214.3KB 2016 Ahtna Annual Report_FINAL_no-bleed-Emailable
2016   3645.2KB 2016 Aleut - Annual Report Rec. 9-16-16
2016   7802.8KB 2016 ASRC Annual Report Rec. 5-18-17
2016   4875.1KB 2016 Bering Straits - Annual Report Rec. Aug. 19, 2016
2016   2076.0KB 2016 Bristol Bay Annual Report 9-13-16
2016   2823.0KB 2016 Calista Annual Annual Report 6-15-17
2016  13729.6KB 2016 Chugach Annual Report rec. 7-17-17
2016   5307.8KB 2016 CIRI Annual Report Rec. 4-7-17
2016   3587.0KB 2016 Doyon - Annual Report Rec. 1-30-17
2016   3457.9KB 2016 Koniag Annual Report 8-8-16
2016  14640.3KB 2016 NANA Annual Report 02-08-2017
2016   1929.1KB 2016 Sealaska Annual Report 6-2-17
2017   4154.6KB 2017 Ahtna Annual-Report-FINAL-LOW-RES-04-30-18
2017   3465.3KB 2017 Aleut Annual Report Rec. 9-27-17
2017  18108.9KB 2017 ASRC Annual Report 5-9-18
2017   4867.7KB 2017 Bering Straits - ANNUAL REPORT Rec. 8-28-2017
2017   2106.8KB 2017 Bristol Bay Annual Report 8-28-17
2017  12097.9KB 2017 Calista Annual Report 5-23-18
2017   8942.0KB 2017 Chugach Annual Report 6-28-18
2017  21886.4KB 2017 CIRI Annual Report-04-09-18
2017   5567.8KB 2017 Doyon, Limited  Annual Report Rec. 1-26-2018
2017   5541.9KB 2017 Koniag Annual Report 8-16-17
2017   7384.2KB 2017 NANA - Annual Report  02-02-18
2017   2271.9KB 2017 Sealaska Annual Report-05-03-18
2018  32631.8KB 2018 Ahtna Annual Report 4-22-19
2018   8001.3KB 2018 Aleut Annual Report 10-17-18
2018   7089.0KB 2018 ASRC Annual Report 5-9-19
2018   4127.7KB 2018 Bering Straits Annual Report 9-4-18
2018   1364.3KB 2018 Bristol Bay Annual Report 8-17-18
2018   4590.1KB 2018 Calista Annual Report 5-16-19
2018  19197.1KB 2018 Chugach Annual Report 6-28-19
2018   7007.6KB 2018 CIRI Annual Report 4-29-19
2018   7122.6KB 2018 CIRI Annual Report 4-8-19
2018   4578.4KB 2018 Doyon Annual Report 1-24-19
2018   5698.6KB 2018 Koniag Annual Report 8-16-18
2018    405.6KB 2018 NANA - Announces 2018 Annual Meeting location and dat R
2018    442.5KB 2018 NANA - Annual Meeting Evelope Rec. 2-2-18
2018    212.6KB 2018 NANA - Annual Meeting Facebook Event Rec. 2-2-18
2018   1304.6KB 2018 NANA - How to vote Rec. 2-8-18
2018   1515.7KB 2018 NANA - Prize Card Rec. 2-8-18
2018    741.9KB 2018 NANA - Proxy  Example Rec. 2-8-18
2018    284.8KB 2018 NANA - Regional Corporation Amended NANA ELDERS SETTLEM
2018    171.6KB 2018 NANA - Shareholder Cover Letter Cropped Rec. 2-2-18
2018    170.8KB 2018 NANA - Yellow Envelopes Rec. 2-2-18
2018   6403.9KB 2018 NANA Annual Report 2-11-19
2018    976.3KB 2018 NANA Regional Corporation -  Annual Meeting - Meeting A
2018   5189.7KB 2018 NANA Regional Corporation - Annual Meeting - News Paper
2018    931.8KB 2018 NANA Regional Corporation - Annual Meeting - Postcard A
2018   2907.2KB 2018 NANA Regional Corporation - Annual Meeting - Poster Ad 
2018   1978.9KB 2018 NANA Regional Corporation - Shareholder Newsletter - 20
2018   4631.3KB 2018 Sealaska Annual Report 5-3-19
2019   7069.7KB 2019 Ahtna Annual Report 4-20-2020
2019   8512.9KB 2019 Aleut Corp. Annual Report - Final Rec. 9-3-19
2019   5211.9KB 2019 ASRC Annual Report 5-5-20
2019   3739.9KB 2019 Bering Straits Annual Report 9-3-19
2019   4438.0KB 2019 Bristol Bay Annual Report 8-14-19
2019  38433.8KB 2019 Calista Annual Report 06-19-20
2019  18729.1KB 2019 Chugach Annual Report 6-26-2020
2019   5448.7KB 2019 CIRI Annual Report 4-29-2020
2019  10022.5KB 2019 Doyon Annual Report 1-29-20
2019   1134.0KB 2019 Doyon Settlement Trust Report 1-29-20
2019   4664.5KB 2019 Koniag Annual Report (Corrected) 8-22-19
2019   4664.5KB 2019 Koniag Annual Report 12-28-2020
2019   6235.1KB 2019 NANA Annual Report 2-13-20
2019   5400.0KB 2019 Sealaska Annual Report 5-6-2020
2020  22017.7KB 2020 Ahtna Annual Report 4-19-21
2020  20380.6KB 2020 Aleut Annual Report 9-1-2020
2020   5819.0KB 2020 Arctic Slope Regional Corporation Annual Report 05-06-2
2020   3808.8KB 2020 Bering Straits Annual Report 8-27-2020
2020    604.4KB 2020 Bering Straits Settlement Trust Financial Statements 8-
2020   7265.6KB 2020 Bristol Bay Annual Report 9-16-2020
2020   5598.4KB 2020 Calista Annual Report 5-21-21
2020   9188.1KB 2020 Chugach Corporation Annual Report 07-06-21
2020   5493.2KB 2020 CIRI - Annual Report Rec. 4-22-21
2020   3877.0KB 2020 Doyon Annual Report 1-29-21
2020    322.3KB 2020 Doyon Limited - Settlement Trust Report  Rec. 1-29-21 A
2020   4395.6KB 2020 Doyon Limited Updated Annual Report 11-08-21
2020   7286.2KB 2020 Koniag Annual Report 12-28-2020
2020   8942.2KB 2020 NANA Annual Report 2-11-2021
2020  11917.2KB 2020 Sealaska Annual Report-05-05-21
2021  16889.6KB 2021 Ahtna Annual Report 04-26-22
2021   2002.5KB 2021 Aleut Corporation Annual Report 09-03-21 (5)
2021   6405.5KB 2021 Arctic Slope Annual Report Rec. 5.9.22
2021  22644.0KB 2021 Bering Straits Annual Report-08-17-21
2021   6174.4KB 2021 Bering Straits Settlement Trust Financials 08-17-21 (7)
2021   3898.3KB 2021 Bristol Bay Annual Report 8-11-21 (2)
2021   3898.3KB 2021 Bristol Bay Annual Report 8-11-21
2021  33577.4KB 2021 Chugach Alaska Annual Report 07-07-22
2021  10354.8KB 2021 CIRI Annual Report 04-19-22
2021   5946.2KB 2021 CIRI Annual Report 4.25.22
2021   3368.1KB 2021 Doyon Annual Report 1.31.22
2021   5337.8KB 2021 Koniag Annual Report 08-19-21 (4)
2021    363.4KB 2021 NANA Annual Meeting Minutes 2.9.2022
2021   4508.2KB 2021 NANA Annual Report 2.9.2022
2021   4307.4KB 2021 Sealaska Annual Report 05-13-22
2022  13778.8KB 2022 Ahtna Annual Report 5-16-2023
2022 139403.6KB 2022 Aleut Corporation Annual Report 10-5-22
2022   5342.9KB 2022 Arctic Slope Annual Report 4-28-23
2022  21227.1KB 2022 Bering Straits Annual Report 8-9-22
2022   2021.9KB 2022 Bering Straits Settlement Trust Financials 8-9-22(2)
2022   7024.1KB 2022 Bristol Bay Annual Report 08-16-22
2022   2731.2KB 2022 & 2021 Calista Annual Report 4.2.23
2022  52685.7KB 2022 Chugach Alaska Annual Report 6-27-2023
2022  16422.5KB 2022 CIRI Annual Report 4-14-23
2022   7944.9KB 2022 CIRI Annual Report 4.14.23(2)
2022  29272.8KB 2022 Doyon Annual Report 1-25-23
2022  15706.6KB 2022 Doyon Settlement Trust Report 1-25-23(2)
2022   3302.6KB 2022 Koniag Annual Report 08-19-22
2022  10707.2KB 2022  NANA Annual Report 2-8-23
2022   6935.5KB 2022 Sealaska Annual Report 05-09-2023
2022    473.4KB 2022 Sealaska VIkki Mata Proxy Materials 05-23-22 (2)
2022    545.0KB 2022 Sealaska VIkki Mata Proxy Materials 05-23-22 (3)
2022    840.1KB 2022 Sealaska VIkki Mata Proxy Materials 05-23-22 (4)
2022    665.3KB 2022 Sealaska VIkki Mata Proxy Materials 05-23-22 (5)
2022    547.9KB 2022 Sealaska VIkki Mata Proxy Materials 05-23-22
2022    456.0KB 2022 Sealaska VIkki Mata Proxy Materials 05-25-22
2022   1806.6KB 2022 Sealaska VIkki Mata Proxy Materials 06-06-22 (2)
2022    296.7KB 2022 Sealaska VIkki Mata Proxy Materials 06-06-22
2022   1342.2KB 2022 Sealaska VIkki Mata Proxy Materials 06-13-22
2022   1820.0KB 2022 Sealaska VIkki Mata Proxy Materials 06-20-22
2023   5318.7KB 2023 Ahtna Annual Report 8-30-24
2023   4351.9KB 2023 Aleut Annual Report 8-31-23
2023   6817.4KB 2023 ASRC Annual Report 4-30-24
2023   6817.4KB 2023 ASRC Annual Report 5-1-24
2023   8142.3KB 2023 Bering Straits Annual Report 8-17-23
2023   2991.5KB 2023 Bering Straits Settlement Trust 8-17-23 (2)
2023   5654.4KB 2023 Bristol Bay Annual Report 8-18-23
2023   3281.2KB 2023 Calista Annual Report 5.1.24
2023   5018.0KB 2023 Calista Annual Report 5-24-24
2023  12434.3KB 2023 Chugach Annual Report 7-3-24
2023   7675.2KB 2023 CIRI Annual Report 4-16-24
2023   4931.9KB 2023 Doyon Annual Report 1-24-24(2)
2023  27356.0KB 2023 Doyon Annual Report 1-24-24
2023   4194.3KB 2023 Koniag Annual Report 9-01-23 (2)
2023   2957.1KB 2023 Koniag Annual Report 9-01-23
2023   5787.1KB 2023 NANA Annual Report 2-01-24
2023   4876.8KB 2023 Sealaska Annual Report 5-13-24
2024  31682.0KB 2024 Ahtna Annual Report 5-07-25
2024   3196.7KB 2024 Aleut Annual Report 8-16-24
2024   3036.9KB 2024 ASRC Annual Report 5-2-25
2024  96004.3KB 2024 Bering Straits Annual Report  8-12-24
2024   9225.5KB 2024 Bering Straits Financials  8-12-24
2024   6055.5KB 2024 Bristol Bay Annual Report 8-19-24 (2)
2024  17686.2KB 2024 Calista Annual Report 4-30-25
2024  11610.5KB 2024 Chugach Annual Report 6-11-25
2024  76505.3KB 2024 Chugach Annual Report 6-23-25
2024    291.3KB 2024 Chugach Annual Report 6-27-25
2024   7968.5KB 2024 CIRI Annual Report 4-10-25
2024    657.7KB 2024 Doyon Annual Report 1-22-25(2)
2024   4491.2KB 2024 Doyon Annual Report 1-22-25
2024    657.7KB 2024 Doyon Annual Report Settlement Trust 2-11-26
2024   1058.8KB 2024 Doyon Annual Report 2-11-26
2024   4178.3KB 2024 Koniag Annual Report 8-19-24
2024  15595.9KB 2024 Nana Annual Report 2-6-25
2024   3399.6KB 2024 Sealaska Annual Report 5-2-25
2025  16445.6KB 2025 Ahtna, Inc. Annual Report 4-28-2026
2025  14921.1KB 2025 Aleut Corporation Annual Report 8-29-2025
2025   3021.5KB 2025 Arctic Slope Regional Corporation Annual Report 5-1-202
2025   2929.2KB 2025 Bering Straits Native Corporation Beringia Settlement T
2025  38670.9KB 2025 Bering Straits Annual Report 8-8-25
2025   1807.2KB 2025 Bristol Bay Native Corporation Annual Report 8-14-2025
2025  14603.8KB 2025 Calista Corporation Annual Report 4-28-2026(1)
2025  16901.8KB 2025 Calista Corporation Annual Report 4-28-2026(2)
2025  14367.1KB 2025 Chugach Alaska Corporation Annual Report 6-26-2026
2025  29807.7KB 2025 CIRI Annual Report 4-17-2026(5)
2025  55650.2KB 2025 Doyon Limited Annual Report 1-21-2026
2025   4819.2KB 2025 Koniag, Inc. Annual Report 8-27-2025(2)
2025   4819.2KB 2025 Koniag, Inc. Annual Report 9-11-2025(1)
2025   4534.5KB 2025 NANA Regional Corporation, Inc. Annual Report 2-13-2026
2025  29095.3KB 2025 Sealaska Corporation Annual Report 5-6-2026
2026  25356.7KB 2026 Bering Straits Native Corporation Annual Report 8-3-202
DL DONE
