2012 Ouzinkie Native Corporation 1 1 | elapsed 62s
2012 Shee Atika, Incorporated 1 1 | elapsed 71s
2016 Afognak Native Corporation 1 1 | elapsed 89s
2016 Ahtna, Inc. 1 1 | elapsed 91s
2016 Aleut Corporation 1 1 | elapsed 95s
2016 Arctic Slope Regional Corporation 1 1 | elapsed 96s
2016 Azachorok Inc. 1 1 | elapsed 98s
2016 Bering Straits Native Corporation 1 1 | elapsed 99s
2016 Bethel Native Corporation 1 1 | elapsed 101s
2016 Bristol Bay Native Corporation 1 1 | elapsed 102s
2016 Calista Corporation 1 1 | elapsed 104s
2016 Choggiung Limited 1 1 | elapsed 106s
2016 Chugach Alaska Corporation 1 1 | elapsed 107s
2016 Cook Inlet Region, Inc.  2 2 | elapsed 108s
2016 Deloycheet, Inc. 1 1 | elapsed 110s
2016 Doyon Limited 1 1 | elapsed 111s
2016 The Eyak Corporation 1 1 | elapsed 114s
2016 Gana-A'Yoo, Limited 1 1 | elapsed 117s
2016 Goldbelt Incorporated 1 1 | elapsed 118s
2016 Gwitchyaa Zhee Corporation 1 1 | elapsed 120s
2016 Haida Corporation 3 3 | elapsed 121s
2016 Huna Totem Corporation 1 1 | elapsed 123s
2016 Kikiktagruk Inupiat Corporation 1 1 | elapsed 129s
2016 Klawock Heenya Corporation 2 2 | elapsed 130s
2016 Koniag, Inc. 1 1 | elapsed 132s
2016 Kootznoowoo Incorporated 1 1 | elapsed 133s
2016 K'oyitl'ots'ina, Limited 1 1 | elapsed 135s
2016 The Kuskokwim Corporation 1 1 | elapsed 136s
2016 Manokotak Natives Limited 2 2 | elapsed 140s
2016 NANA Regional Corporation, Inc. 37 37 | elapsed 143s
2016 Olgoonik Corporation 1 1 | elapsed 148s
2016 Ouzinkie Native Corporation 1 1 | elapsed 150s
2016 Paug-Vik Inc. Ltd. 1 1 | elapsed 152s
2016 Qanirtuuq, Inc. 1 1 | elapsed 153s
2016 Sea Lion Corporation 1 1 | elapsed 155s
2016 Sealaska Corporation 1 1 | elapsed 156s
2016 Shaan Seet, Inc. 1 1 | elapsed 158s
2016 Shee Atika, Incorporated 1 1 | elapsed 159s
2016 Sitnasuak Native Corporation 1 1 | elapsed 162s
2016 Tanadgusix Corporation 1 1 | elapsed 165s
2016 Tikigaq Corporation 1 1 | elapsed 166s
2016 Toghotthele Corporation 1 1 | elapsed 168s
2016 Tozitna, Limited 2 2 | elapsed 171s
2016 Tyonek Native Corporation 4 4 | elapsed 172s
2016 Ukpeagvik Inupiat Corporation 1 1 | elapsed 174s
2016 Yak-Tat Kwaan, Inc. 1 1 | elapsed 177s
2017 Afognak Native Corporation 32 32 | elapsed 180s
2017 Ahtna, Inc. 48 48 | elapsed 183s
2017 Alaska Peninsula Corporation 2 2 | elapsed 185s
2017 Aleut Corporation 27 27 | elapsed 190s
2017 Arctic Slope Regional Corporation 7 7 | elapsed 192s
2017 Azachorok Inc. 7 7 | elapsed 193s
2017 Bering Straits Native Corporation 93 93 | elapsed 200s
2017 Bethel Native Corporation 4 4 | elapsed 202s
2017 Bristol Bay Native Corporation 4 4 | elapsed 203s
2017 Calista Corporation 73 73 | elapsed 208s
2017 Choggiung Limited 3 3 | elapsed 210s
2017 Chugach Alaska Corporation 23 23 | elapsed 212s
2017 Cook Inlet Region, Inc.  57 57 | elapsed 217s
2017 Deloycheet, Inc. 3 3 | elapsed 218s
2017 Doyon Limited 12 12 | elapsed 220s
2017 Emmonak Corporation 1 1 | elapsed 221s
2017 The Eyak Corporation 4 4 | elapsed 223s
2017 Gana-A'Yoo, Limited 3 3 | elapsed 226s
2017 Goldbelt Incorporated 57 57 | elapsed 231s
2017 Gwitchyaa Zhee Corporation 3 3 | elapsed 233s
2017 Haida Corporation 2 2 | elapsed 234s
2017 Huna Totem Corporation 6 6 | elapsed 236s
2017 Kenai Natives Association Inc. 10 10 | elapsed 239s
2017 Kijik Corporation 1 1 | elapsed 241s
2017 Kikiktagruk Inupiat Corporation 5 5 | elapsed 242s
2017 Klawock Heenya Corporation 3 3 | elapsed 244s
2017 Koniag, Inc. 8 8 | elapsed 245s
2017 Kootznoowoo Incorporated 196 196 | elapsed 258s
2017 The Kuskokwim Corporation 40 40 | elapsed 263s
2017 Manokotak Natives Limited 4 4 | elapsed 267s
2017 NANA Regional Corporation, Inc. 70 70 | elapsed 272s
2017 Natives of Kodiak, Incorporated 7 7 | elapsed 273s
2017 Olgoonik Corporation 2 2 | elapsed 276s
2017 Ouzinkie Native Corporation 8 8 | elapsed 279s
2017 Qanirtuuq, Inc. 4 4 | elapsed 282s
2017 Sea Lion Corporation 5 5 | elapsed 283s
2017 Sealaska Corporation 52 52 | elapsed 288s
2017 Shaan Seet, Inc. 7 7 | elapsed 290s
2017 Shee Atika, Incorporated 263 263 | elapsed 307s
2017 Sitnasuak Native Corporation 290 290 | elapsed 328s
2017 Tanadgusix Corporation 26 26 | elapsed 332s
2017 Tikigaq Corporation 3 3 | elapsed 334s
2017 Toghotthele Corporation 4 4 | elapsed 335s
2017 Togiak Natives Limited 1 1 | elapsed 337s
2017 Tozitna, Limited 1 1 | elapsed 338s
2017 Tyonek Native Corporation 21 21 | elapsed 340s
2017 Ukpeagvik Inupiat Corporation 20 20 | elapsed 341s
2017 Unalakleet Native Corporation 3 3 | elapsed 343s
2017 Yak-Tat Kwaan, Inc. 9 9 | elapsed 344s
2018 Afognak Native Corporation 60 60 | elapsed 349s
2018 Ahtna, Inc. 17 17 | elapsed 350s
2018 Alaska Peninsula Corporation 3 3 | elapsed 352s
2018 Aleut Corporation 29 29 | elapsed 356s
2018 Arctic Slope Regional Corporation 72 72 | elapsed 361s
2018 Azachorok Inc. 12 12 | elapsed 362s
2018 Bering Straits Native Corporation 53 53 | elapsed 367s
2018 Bethel Native Corporation 6 6 | elapsed 368s
2018 Bristol Bay Native Corporation 27 27 | elapsed 371s
2018 Calista Corporation 297 297 | elapsed 390s
2018 Choggiung Limited 9 9 | elapsed 391s
2018 Chugach Alaska Corporation 17 17 | elapsed 393s
2018 Cook Inlet Region, Inc.  46 46 | elapsed 396s
2018 Deloycheet, Inc. 5 5 | elapsed 398s
2018 Doyon Limited 42 42 | elapsed 401s
2018 The Eyak Corporation 6 6 | elapsed 404s
2018 Gana-A'Yoo, Limited 5 5 | elapsed 407s
2018 Goldbelt Incorporated 45 45 | elapsed 410s
2018 Gwitchyaa Zhee Corporation 9 9 | elapsed 411s
2018 Haida Corporation 6 6 | elapsed 413s
2018 Huna Totem Corporation 21 21 | elapsed 414s
2018 Kake Tribal Corporation 8 8 | elapsed 416s
2018 Kenai Natives Association Inc. 10 10 | elapsed 417s
2018 Kijik Corporation 4 4 | elapsed 418s
2018 Kikiktagruk Inupiat Corporation 4 4 | elapsed 420s
2018 Klawock Heenya Corporation 6 6 | elapsed 421s
2018 Koniag, Inc. 16 16 | elapsed 423s
2018 Kootznoowoo Incorporated 171 171 | elapsed 434s
2018 K'oyitl'ots'ina, Limited 11 11 | elapsed 435s
2018 The Kuskokwim Corporation 55 55 | elapsed 440s
2018 Manokotak Natives Limited 6 6 | elapsed 444s
2018 NANA Regional Corporation, Inc. 32 32 | elapsed 447s
2018 Natives of Kodiak, Incorporated 24 24 | elapsed 448s
2018 Olgoonik Corporation 9 9 | elapsed 451s
2018 Ouzinkie Native Corporation 18 18 | elapsed 454s
2018 Qanirtuuq, Inc. 5 5 | elapsed 457s
2018 Sea Lion Corporation 2 2 | elapsed 458s
2018 Sealaska Corporation 39 39 | elapsed 461s
2018 Shaan Seet, Inc. 5 5 | elapsed 463s
2018 Shee Atika, Incorporated 112 112 | elapsed 470s
2018 Sitnasuak Native Corporation 100 100 | elapsed 478s
2018 Stuyahok Limited 6 6 | elapsed 479s
2018 Tanadgusix Corporation 10 10 | elapsed 481s
2018 Tikigaq Corporation 2 2 | elapsed 482s
2018 Toghotthele Corporation 4 4 | elapsed 484s
2018 Togiak Natives Limited 2 2 | elapsed 485s
2018 Tyonek Native Corporation 11 11 | elapsed 488s
2018 Ukpeagvik Inupiat Corporation 8 8 | elapsed 490s
2019 Afognak Native Corporation 63 63 | elapsed 497s
2019 Ahtna, Inc. 29 29 | elapsed 500s
2019 Alaska Peninsula Corporation 77 77 | elapsed 506s
2019 Aleut Corporation 22 22 | elapsed 509s
2019 Arctic Slope Regional Corporation 12 12 | elapsed 511s
2019 Azachorok Inc. 37 37 | elapsed 514s
2019 Bering Straits Native Corporation 89 89 | elapsed 520s
2019 Bethel Native Corporation 9 9 | elapsed 522s
2019 Bristol Bay Native Corporation 25 25 | elapsed 523s
2019 Calista Corporation 175 175 | elapsed 534s
2019 Choggiung Limited 50 50 | elapsed 537s
2019 Chugach Alaska Corporation 38 38 | elapsed 540s
2019 Cook Inlet Region, Inc.  175 175 | elapsed 551s
2019 Deloycheet, Inc. 4 4 | elapsed 552s
2019 Doyon Limited 70 70 | elapsed 557s
2019 Emmonak Corporation 5 5 | elapsed 558s
2019 The Eyak Corporation 15 15 | elapsed 560s
2019 Far West, Incorporated 3 3 | elapsed 561s
2019 Gana-A'Yoo, Limited 8 8 | elapsed 562s
2019 Goldbelt Incorporated 85 85 | elapsed 568s
2019 Gwitchyaa Zhee Corporation 8 8 | elapsed 570s
2019 Huna Totem Corporation 23 23 | elapsed 573s
2019 Kake Tribal Corporation 5 5 | elapsed 574s
2019 Kenai Natives Association Inc. 3 3 | elapsed 576s
2019 Kijik Corporation 3 3 | elapsed 577s
2019 Kikiktagruk Inupiat Corporation 8 8 | elapsed 579s
2019 Klawock Heenya Corporation 5 5 | elapsed 580s
2019 Koniag, Inc. 46 46 | elapsed 583s
2019 Kootznoowoo Incorporated 91 91 | elapsed 589s
2019 K'oyitl'ots'ina, Limited 5 5 | elapsed 591s
2019 The Kuskokwim Corporation 27 27 | elapsed 594s
2019 Manokotak Natives Limited 3 3 | elapsed 598s
2019 NANA Regional Corporation, Inc. 48 48 | elapsed 601s
2019 Natives of Kodiak, Incorporated 8 8 | elapsed 603s
2019 Olgoonik Corporation 55 55 | elapsed 609s
2019 Ouzinkie Native Corporation 10 10 | elapsed 612s
2019 Qanirtuuq, Inc. 3 3 | elapsed 615s
2019 Sea Lion Corporation 5 5 | elapsed 617s
2019 Sealaska Corporation 47 47 | elapsed 620s
2019 Shaan Seet, Inc. 5 5 | elapsed 621s
2019 Shee Atika, Incorporated 104 104 | elapsed 629s
2019 Sitnasuak Native Corporation 145 145 | elapsed 640s
2019 Stuyahok Limited 2 2 | elapsed 642s
2019 Tanadgusix Corporation 13 13 | elapsed 643s
2019 Tikigaq Corporation 2 2 | elapsed 645s
2019 Toghotthele Corporation 9 9 | elapsed 646s
2019 Togiak Natives Limited 1 1 | elapsed 648s
2019 Tyonek Native Corporation 8 8 | elapsed 651s
2019 Ukpeagvik Inupiat Corporation 18 18 | elapsed 652s
2019 Unalakleet Native Corporation 3 3 | elapsed 653s
2020 Afognak Native Corporation 35 35 | elapsed 658s
2020 Ahtna, Inc. 27 27 | elapsed 661s
2020 Alaska Peninsula Corporation 42 42 | elapsed 664s
2020 Aleut Corporation 32 32 | elapsed 668s
2020 Arctic Slope Regional Corporation 23 23 | elapsed 670s
2020 Azachorok Inc. 36 36 | elapsed 673s
2020 Bering Straits Native Corporation 57 57 | elapsed 678s
2020 Bethel Native Corporation 3 3 | elapsed 679s
2020 Bristol Bay Native Corporation 7 7 | elapsed 680s
2020 Calista Corporation 189 189 | elapsed 693s
2020 Choggiung Limited 7 7 | elapsed 695s
2020 Chugach Alaska Corporation 154 154 | elapsed 706s
2020 Cook Inlet Region, Inc.  145 145 | elapsed 715s
2020 Deloycheet, Inc. 6 6 | elapsed 717s
2020 Doyon Limited 210 210 | elapsed 731s
2020 The Eyak Corporation 31 31 | elapsed 735s
2020 Far West, Incorporated 2 2 | elapsed 737s
2020 Gana-A'Yoo, Limited 6 6 | elapsed 738s
2020 Goldbelt Incorporated 621 621 | elapsed 778s
2020 Gwitchyaa Zhee Corporation 2 2 | elapsed 779s
2020 Haida Corporation 3 3 | elapsed 781s
2020 Huna Totem Corporation 30 30 | elapsed 784s
2020 Kake Tribal Corporation 5 5 | elapsed 785s
2020 Kenai Natives Association Inc. 1 1 | elapsed 787s
2020 Kijik Corporation 10 10 | elapsed 788s
2020 Kikiktagruk Inupiat Corporation 5 5 | elapsed 790s
2020 Klawock Heenya Corporation 3 3 | elapsed 791s
2020 Koniag, Inc. 10 10 | elapsed 793s
2020 Kootznoowoo Incorporated 220 220 | elapsed 807s
2020 The Kuskokwim Corporation 69 69 | elapsed 813s
2020 NANA Regional Corporation, Inc. 50 50 | elapsed 821s
2020 Olgoonik Corporation 81 81 | elapsed 830s
2020 Ouzinkie Native Corporation 6 6 | elapsed 833s
2020 Qanirtuuq, Inc. 4 4 | elapsed 836s
2020 Sea Lion Corporation 2 2 | elapsed 837s
2020 Sealaska Corporation 636 636 | elapsed 879s
2020 Shaan Seet, Inc. 4 4 | elapsed 881s
2020 Shee Atika, Incorporated 150 150 | elapsed 890s
2020 Shishmaref Native Corporation 1 1 | elapsed 892s
2020 Sitnasuak Native Corporation 17 17 | elapsed 893s
2020 Stuyahok Limited 1 1 | elapsed 895s
2020 Tanadgusix Corporation 5 5 | elapsed 896s
2020 Tikigaq Corporation 1 1 | elapsed 898s
2020 Toghotthele Corporation 3 3 | elapsed 899s
2020 Togiak Natives Limited 1 1 | elapsed 901s
2020 Tozitna, Limited 3 3 | elapsed 902s
2020 Tyonek Native Corporation 89 89 | elapsed 908s
2020 Ukpeagvik Inupiat Corporation 29 29 | elapsed 911s
2020 Yak-Tat Kwaan, Inc. 1 1 | elapsed 914s
2021 Afognak Native Corporation 68 68 | elapsed 919s
2021 Ahtna, Inc. 41 41 | elapsed 922s
2021 Aleut Corporation 19 19 | elapsed 927s
2021 Arctic Slope Regional Corporation 134 134 | elapsed 936s
2021 Azachorok Inc. 8 8 | elapsed 937s
2021 Bering Straits Native Corporation 71 71 | elapsed 942s
2021 Bethel Native Corporation 5 5 | elapsed 943s
2021 Bristol Bay Native Corporation 49 49 | elapsed 946s
2021 Calista Corporation 104 104 | elapsed 954s
2021 Choggiung Limited 5 5 | elapsed 956s
2021 Chugach Alaska Corporation 85 85 | elapsed 962s
2021 Cook Inlet Region, Inc.  153 153 | elapsed 973s
2021 Deloycheet, Inc. 6 6 | elapsed 974s
2021 Doyon Limited 60 60 | elapsed 979s
2021 The Eyak Corporation 21 21 | elapsed 982s
2021 Far West, Incorporated 2 2 | elapsed 984s
2021 Gana-A'Yoo, Limited 6 6 | elapsed 985s
2021 Goldbelt Incorporated 58 58 | elapsed 990s
2021 Gwitchyaa Zhee Corporation 1 1 | elapsed 991s
2021 Haida Corporation 14 14 | elapsed 993s
2021 Huna Totem Corporation 15 15 | elapsed 994s
2021 Kake Tribal Corporation 2 2 | elapsed 996s
2021 Kenai Natives Association Inc. 8 8 | elapsed 997s
2021 Kijik Corporation 10 10 | elapsed 999s
2021 Kikiktagruk Inupiat Corporation 15 15 | elapsed 1000s
2021 Klawock Heenya Corporation 4 4 | elapsed 1002s
2021 Koniag, Inc. 6 6 | elapsed 1003s
2021 Kootznoowoo Incorporated 75 75 | elapsed 1008s
2021 K'oyitl'ots'ina, Limited 2 2 | elapsed 1009s
2021 The Kuskokwim Corporation 22 22 | elapsed 1011s
2021 Kuukpik Corporation 16 16 | elapsed 1012s
2021 NANA Regional Corporation, Inc. 44 44 | elapsed 1018s
2021 Natives of Kodiak, Incorporated 7 7 | elapsed 1020s
2021 Olgoonik Corporation 45 45 | elapsed 1024s
2021 Ouzinkie Native Corporation 10 10 | elapsed 1027s
2021 Qanirtuuq, Inc. 9 9 | elapsed 1030s
2021 Sealaska Corporation 244 244 | elapsed 1048s
2021 Shaan Seet, Inc. 30 30 | elapsed 1051s
2021 Shee Atika, Incorporated 43 43 | elapsed 1054s
2021 Shishmaref Native Corporation 3 3 | elapsed 1055s
2021 Sitnasuak Native Corporation 99 99 | elapsed 1062s
2021 Tanadgusix Corporation 15 15 | elapsed 1064s
2021 Tikigaq Corporation 3 3 | elapsed 1066s
2021 Toghotthele Corporation 7 7 | elapsed 1067s
2021 Togiak Natives Limited 2 2 | elapsed 1069s
2021 Tozitna, Limited 1 1 | elapsed 1070s
2021 Tyonek Native Corporation 13 13 | elapsed 1072s
2021 Ukpeagvik Inupiat Corporation 33 33 | elapsed 1075s
2022 Afognak Native Corporation 37 37 | elapsed 1081s
2022 Ahtna, Inc. 34 34 | elapsed 1084s
2022 Alaska Peninsula Corporation 92 92 | elapsed 1090s
2022 Aleut Corporation 54 54 | elapsed 1096s
2022 Arctic Slope Regional Corporation 117 117 | elapsed 1103s
2022 Azachorok Inc. 9 9 | elapsed 1105s
2022 Bering Straits Native Corporation 39 39 | elapsed 1107s
2022 Bethel Native Corporation 8 8 | elapsed 1109s
2022 Bristol Bay Native Corporation 44 44 | elapsed 1112s
2022 Calista Corporation 67 67 | elapsed 1116s
2022 Choggiung Limited 4 4 | elapsed 1118s
2022 Chugach Alaska Corporation 13 13 | elapsed 1119s
2022 Cook Inlet Region, Inc.  169 169 | elapsed 1130s
2022 Deloycheet, Inc. 4 4 | elapsed 1131s
2022 Doyon Limited 79 79 | elapsed 1137s
2022 The Eyak Corporation 5 5 | elapsed 1140s
2022 Far West, Incorporated 11 11 | elapsed 1141s
2022 Gana-A'Yoo, Limited 5 5 | elapsed 1143s
2022 Goldbelt Incorporated 21 21 | elapsed 1144s
2022 Gwitchyaa Zhee Corporation 8 8 | elapsed 1146s
2022 Huna Totem Corporation 4 4 | elapsed 1149s
2022 Kake Tribal Corporation 1 1 | elapsed 1150s
2022 Kenai Natives Association Inc. 8 8 | elapsed 1152s
2022 Kijik Corporation 16 16 | elapsed 1153s
2022 Kikiktagruk Inupiat Corporation 15 15 | elapsed 1155s
2022 Klawock Heenya Corporation 5 5 | elapsed 1156s
2022 Koniag, Inc. 4 4 | elapsed 1158s
2022 Kootznoowoo Incorporated 44 44 | elapsed 1161s
2022 K'oyitl'ots'ina, Limited 1 1 | elapsed 1162s
2022 The Kuskokwim Corporation 68 68 | elapsed 1167s
2022 Kuukpik Corporation 3 3 | elapsed 1168s
2022 NANA Regional Corporation, Inc. 64 64 | elapsed 1176s
2022 Natives of Kodiak, Incorporated 6 6 | elapsed 1177s
2022 Olgoonik Corporation 48 48 | elapsed 1182s
2022 Ouzinkie Native Corporation 15 15 | elapsed 1185s
2022 Qanirtuuq, Inc. 5 5 | elapsed 1187s
2022 Sealaska Corporation 61 61 | elapsed 1193s
2022 Shaan Seet, Inc. 28 28 | elapsed 1196s
2022 Shee Atika, Incorporated 38 38 | elapsed 1199s
2022 Sitnasuak Native Corporation 41 41 | elapsed 1204s
2022 Stuyahok Limited 3 3 | elapsed 1205s
2022 Tanadgusix Corporation 15 15 | elapsed 1207s
2022 Tikigaq Corporation 10 10 | elapsed 1208s
2022 Togiak Natives Limited 1 1 | elapsed 1211s
2022 Tozitna, Limited 3 3 | elapsed 1213s
2022 Tyonek Native Corporation 10 10 | elapsed 1214s
2022 Ukpeagvik Inupiat Corporation 69 69 | elapsed 1219s
2022 Yak-Tat Kwaan, Inc. 13 13 | elapsed 1222s
2023 Afognak Native Corporation 96 96 | elapsed 1229s
2023 Ahtna, Inc. 34 34 | elapsed 1232s
2023 Alaska Peninsula Corporation 15 15 | elapsed 1233s
2023 Aleknagik Natives Limited 1 1 | elapsed 1235s
2023 Aleut Corporation 40 40 | elapsed 1238s
2023 Arctic Slope Regional Corporation 219 219 | elapsed 1251s
2023 Azachorok Inc. 4 4 | elapsed 1253s
2023 Bering Straits Native Corporation 88 88 | elapsed 1259s
2023 Bethel Native Corporation 6 6 | elapsed 1260s
2023 Bristol Bay Native Corporation 48 48 | elapsed 1263s
2023 Calista Corporation 54 54 | elapsed 1268s
2023 Choggiung Limited 6 6 | elapsed 1269s
2023 Chugach Alaska Corporation 15 15 | elapsed 1271s
2023 Cook Inlet Region, Inc.  213 213 | elapsed 1284s
2023 Deloycheet, Inc. 4 4 | elapsed 1286s
2023 Doyon Limited 173 173 | elapsed 1296s
2023 The Eyak Corporation 10 10 | elapsed 1299s
2023 Far West, Incorporated 12 12 | elapsed 1301s
2023 Gana-A'Yoo, Limited 8 8 | elapsed 1302s
2023 Goldbelt Incorporated 37 37 | elapsed 1305s
2023 Gwitchyaa Zhee Corporation 8 8 | elapsed 1307s
2023 Haida Corporation 2 2 | elapsed 1308s
2023 Huna Totem Corporation 5 5 | elapsed 1309s
2023 Kake Tribal Corporation 1 1 | elapsed 1311s
2023 Kenai Natives Association Inc. 11 11 | elapsed 1312s
2023 Kijik Corporation 17 17 | elapsed 1314s
2023 Kikiktagruk Inupiat Corporation 10 10 | elapsed 1315s
2023 Klawock Heenya Corporation 10 10 | elapsed 1317s
2023 Koniag, Inc. 8 8 | elapsed 1318s
2023 Kootznoowoo Incorporated 35 35 | elapsed 1321s
2023 K'oyitl'ots'ina, Limited 25 25 | elapsed 1322s
2023 The Kuskokwim Corporation 21 21 | elapsed 1324s
2023 Kuukpik Corporation 6 6 | elapsed 1325s
2023 Leisnoi Incorporated 3 3 | elapsed 1327s
2023 Manokotak Natives Limited 3 3 | elapsed 1329s
2023 NANA Regional Corporation, Inc. 177 177 | elapsed 1341s
2023 Natives of Kodiak, Incorporated 7 7 | elapsed 1342s
2023 Old Harbor Native Corporation 2 2 | elapsed 1344s
2023 Olgoonik Corporation 26 26 | elapsed 1347s
2023 Ounalashka Corporation 2 2 | elapsed 1348s
2023 Ouzinkie Native Corporation 16 16 | elapsed 1350s
2023 Qanirtuuq, Inc. 4 4 | elapsed 1353s
2023 Sealaska Corporation 130 130 | elapsed 1363s
2023 Shaan Seet, Inc. 33 33 | elapsed 1366s
2023 Shee Atika, Incorporated 118 118 | elapsed 1374s
2023 Sitnasuak Native Corporation 30 30 | elapsed 1378s
2023 Stuyahok Limited 3 3 | elapsed 1379s
2023 Tanadgusix Corporation 15 15 | elapsed 1381s
2023 Toghotthele Corporation 3 3 | elapsed 1384s
2023 Togiak Natives Limited 3 3 | elapsed 1385s
2023 Tozitna, Limited 1 1 | elapsed 1387s
2023 Tyonek Native Corporation 60 60 | elapsed 1391s
2023 Ukpeagvik Inupiat Corporation 32 32 | elapsed 1394s
2024 Afognak Native Corporation 87 87 | elapsed 1403s
2024 Ahtna, Inc. 50 50 | elapsed 1406s
2024 Alaska Peninsula Corporation 24 24 | elapsed 1407s
2024 Aleknagik Natives Limited 8 8 | elapsed 1409s
2024 Aleut Corporation 273 273 | elapsed 1426s
2024 Arctic Slope Regional Corporation 182 182 | elapsed 1438s
2024 Azachorok Inc. 20 20 | elapsed 1439s
2024 Bering Straits Native Corporation 45 45 | elapsed 1442s
2024 Bethel Native Corporation 5 5 | elapsed 1443s
2024 Bristol Bay Native Corporation 23 23 | elapsed 1445s
2024 Calista Corporation 92 92 | elapsed 1451s
2024 Choggiung Limited 4 4 | elapsed 1452s
2024 Chugach Alaska Corporation 60 60 | elapsed 1457s
2024 Cook Inlet Region, Inc.  131 131 | elapsed 1466s
2024 Doyon Limited 179 179 | elapsed 1479s
2024 Emmonak Corporation 1 1 | elapsed 1481s
2024 The Eyak Corporation 7 7 | elapsed 1482s
2024 Far West, Incorporated 10 10 | elapsed 1484s
2024 Gana-A'Yoo, Limited 15 15 | elapsed 1485s
2024 Goldbelt Incorporated 24 24 | elapsed 1486s
2024 Gwitchyaa Zhee Corporation 4 4 | elapsed 1488s
2024 Haida Corporation 4 4 | elapsed 1489s
2024 Huna Totem Corporation 5 5 | elapsed 1491s
2024 Kake Tribal Corporation 1 1 | elapsed 1492s
2024 Kenai Natives Association Inc. 6 6 | elapsed 1494s
2024 Kijik Corporation 11 11 | elapsed 1495s
2024 Kikiktagruk Inupiat Corporation 10 10 | elapsed 1496s
2024 Klawock Heenya Corporation 4 4 | elapsed 1498s
2024 Koniag, Inc. 9 9 | elapsed 1499s
2024 Kootznoowoo Incorporated 35 35 | elapsed 1502s
2024 K'oyitl'ots'ina, Limited 13 13 | elapsed 1504s
2024 The Kuskokwim Corporation 39 39 | elapsed 1507s
2024 Kuukpik Corporation 5 5 | elapsed 1508s
2024 Leisnoi Incorporated 23 23 | elapsed 1509s
2024 Manokotak Natives Limited 3 3 | elapsed 1511s
2024 NANA Regional Corporation, Inc. 103 103 | elapsed 1519s
2024 Natives of Kodiak, Incorporated 28 28 | elapsed 1522s
2024 Old Harbor Native Corporation 11 11 | elapsed 1523s
2024 Olgoonik Corporation 26 26 | elapsed 1526s
2024 Ounalashka Corporation 2 2 | elapsed 1528s
2024 Ouzinkie Native Corporation 20 20 | elapsed 1529s
2024 Qanirtuuq, Inc. 7 7 | elapsed 1532s
2024 Sealaska Corporation 529 529 | elapsed 1568s
2024 Shaan Seet, Inc. 20 20 | elapsed 1569s
2024 Shee Atika, Incorporated 90 90 | elapsed 1575s
2024 Shishmaref Native Corporation 1 1 | elapsed 1577s
2024 Sitnasuak Native Corporation 25 25 | elapsed 1578s
2024 Stuyahok Limited 5 5 | elapsed 1579s
2024 Tanadgusix Corporation 14 14 | elapsed 1581s
2024 Togiak Natives Limited 3 3 | elapsed 1585s
2024 Tozitna, Limited 4 4 | elapsed 1587s
2024 Tyonek Native Corporation 34 34 | elapsed 1590s
2024 Ukpeagvik Inupiat Corporation 40 40 | elapsed 1593s
2025 Afognak Native Corporation 138 138 | elapsed 1604s
2025 Ahtna, Inc. 27 27 | elapsed 1607s
2025 Alaska Peninsula Corporation 7 7 | elapsed 1609s
2025 Aleknagik Natives Limited 7 7 | elapsed 1610s
2025 Aleut Corporation 50 50 | elapsed 1613s
2025 Arctic Slope Regional Corporation 210 210 | elapsed 1627s
2025 Azachorok Inc. 24 24 | elapsed 1629s
2025 Bering Straits Native Corporation 42 42 | elapsed 1632s
2025 Bethel Native Corporation 27 27 | elapsed 1635s
2025 Bristol Bay Native Corporation 110 110 | elapsed 1642s
2025 Calista Corporation 100 100 | elapsed 1648s
2025 Choggiung Limited 5 5 | elapsed 1650s
2025 Chugach Alaska Corporation 31 31 | elapsed 1653s
2025 Cook Inlet Region, Inc.  183 183 | elapsed 1665s
2025 Doyon Limited 438 438 | elapsed 1694s
2025 The Eyak Corporation 3 3 | elapsed 1697s
2025 Far West, Incorporated 5 5 | elapsed 1698s
2025 Gana-A'Yoo, Limited 11 11 | elapsed 1700s
2025 Goldbelt Incorporated 41 41 | elapsed 1703s
2025 Haida Corporation 3 3 | elapsed 1706s
2025 Huna Totem Corporation 64 64 | elapsed 1710s
2025 Kake Tribal Corporation 2 2 | elapsed 1712s
2025 Kenai Natives Association Inc. 2 2 | elapsed 1713s
2025 Kikiktagruk Inupiat Corporation 6 6 | elapsed 1716s
2025 Klawock Heenya Corporation 2 2 | elapsed 1717s
2025 Koniag, Inc. 7 7 | elapsed 1719s
2025 Kootznoowoo Incorporated 39 39 | elapsed 1722s
2025 K'oyitl'ots'ina, Limited 5 5 | elapsed 1723s
2025 The Kuskokwim Corporation 78 78 | elapsed 1729s
2025 Kuukpik Corporation 1 1 | elapsed 1730s
2025 Leisnoi Incorporated 14 14 | elapsed 1732s
2025 Manokotak Natives Limited 1 1 | elapsed 1733s
2025 NANA Regional Corporation, Inc. 85 85 | elapsed 1739s
2025 Natives of Kodiak, Incorporated 116 116 | elapsed 1747s
2025 Old Harbor Native Corporation 16 16 | elapsed 1748s
2025 Olgoonik Corporation 34 34 | elapsed 1751s
2025 Ounalashka Corporation 10 10 | elapsed 1753s
2025 Ouzinkie Native Corporation 16 16 | elapsed 1754s
2025 Paug-Vik Inc. Ltd. 2 2 | elapsed 1756s
2025 Qanirtuuq, Inc. 3 3 | elapsed 1757s
2025 Sealaska Corporation 101 101 | elapsed 1766s
2025 Shaan Seet, Inc. 5 5 | elapsed 1768s
2025 Shee Atika, Incorporated 114 114 | elapsed 1775s
2025 Shishmaref Native Corporation 2 2 | elapsed 1777s
2025 Sitnasuak Native Corporation 12 12 | elapsed 1778s
2025 Stuyahok Limited 4 4 | elapsed 1780s
2025 Tanadgusix Corporation 8 8 | elapsed 1781s
2025 Tikigaq Corporation 1 1 | elapsed 1782s
2025 Toghotthele Corporation 1 1 | elapsed 1784s
2025 Togiak Natives Limited 2 2 | elapsed 1785s
2025 Tozitna, Limited 7 7 | elapsed 1787s
2025 Tyonek Native Corporation 41 41 | elapsed 1790s
2025 Ukpeagvik Inupiat Corporation 41 41 | elapsed 1793s
2026 Afognak Native Corporation 160 160 | elapsed 1806s
2026 Ahtna, Inc. 72 72 | elapsed 1811s
2026 Aleknagik Natives Limited 4 4 | elapsed 1814s
2026 Arctic Slope Regional Corporation 142 142 | elapsed 1825s
2026 Azachorok Inc. 2 2 | elapsed 1826s
2026 Bering Straits Native Corporation 19 19 | elapsed 1828s
2026 Bethel Native Corporation 2 2 | elapsed 1829s
2026 Calista Corporation 131 131 | elapsed 1839s
2026 Chugach Alaska Corporation 1 1 | elapsed 1842s
2026 Cook Inlet Region, Inc.  283 283 | elapsed 1861s
2026 Doyon Limited 133 133 | elapsed 1871s
2026 Gana-A'Yoo, Limited 4 4 | elapsed 1877s
2026 Goldbelt Incorporated 54 54 | elapsed 1882s
2026 Huna Totem Corporation 24 24 | elapsed 1886s
2026 Kootznoowoo Incorporated 81 81 | elapsed 1901s
2026 K'oyitl'ots'ina, Limited 7 7 | elapsed 1902s
2026 The Kuskokwim Corporation 89 89 | elapsed 1908s
2026 Kuukpik Corporation 2 2 | elapsed 1910s
2026 Leisnoi Incorporated 22 22 | elapsed 1911s
2026 Manokotak Natives Limited 1 1 | elapsed 1913s
2026 NANA Regional Corporation, Inc. 46 46 | elapsed 1916s
2026 Natives of Kodiak, Incorporated 26 26 | elapsed 1919s
2026 Old Harbor Native Corporation 7 7 | elapsed 1920s
2026 Olgoonik Corporation 21 21 | elapsed 1922s
2026 Ounalashka Corporation 6 6 | elapsed 1923s
2026 Paug-Vik Inc. Ltd. 1 1 | elapsed 1926s
2026 Qanirtuuq, Inc. 10 10 | elapsed 1927s
2026 Sealaska Corporation 125 125 | elapsed 1937s
2026 Shaan Seet, Inc. 2 2 | elapsed 1938s
2026 Shee Atika, Incorporated 81 81 | elapsed 1944s
2026 Shishmaref Native Corporation 1 1 | elapsed 1946s
2026 Sitnasuak Native Corporation 15 15 | elapsed 1947s
2026 Tanadgusix Corporation 11 11 | elapsed 1950s
2026 Tikigaq Corporation 1 1 | elapsed 1952s
2026 Tyonek Native Corporation 78 78 | elapsed 1962s
2026 Ukpeagvik Inupiat Corporation 34 34 | elapsed 1965s
DONE
