   39 kw    138006 chars  2016__Ahtna_Inc.__2016_Ahtna_Annual_Report_FINAL_no-bleed-Emailable__a4dd8db9.pd
   71 kw    133442 chars  2016__Aleut_Corporation__2016_Aleut_-_Annual_Report_Rec._9-16-16__0bcc566b.pdf
  205 kw    199300 chars  2016__Arctic_Slope_Regional_Corporation__2016_ASRC_Annual_Report_Rec._5-18-17__5
  102 kw    123940 chars  2016__Bering_Straits_Native_Corporation__2016_Bering_Straits_-_Annual_Report_Rec
   65 kw    146500 chars  2016__Bristol_Bay_Native_Corporation__2016_Bristol_Bay_Annual_Report_9-13-16__49
   50 kw    121509 chars  2016__Calista_Corporation__2016_Calista_Annual_Annual_Report_6-15-17__caa44a9f.p
   82 kw    135257 chars  2016__Chugach_Alaska_Corporation__2016_Chugach_Annual_Report_rec._7-17-17__d6ee5
  137 kw    212083 chars  2016__Cook_Inlet_Region_Inc.___2016_CIRI_Annual_Report_Rec._4-7-17__fdbc385d.pdf
   77 kw    120565 chars  2016__Doyon_Limited__2016_Doyon_-_Annual_Report_Rec._1-30-17__4d25f229.pdf
   78 kw    162561 chars  2016__Koniag_Inc.__2016_Koniag_Annual_Report_8-8-16__448457e0.pdf
  115 kw    232670 chars  2016__NANA_Regional_Corporation_Inc.__2016_NANA_Annual_Report_02-08-2017__b66348
   48 kw    134093 chars  2016__Sealaska_Corporation__2016_Sealaska_Annual_Report_6-2-17__c153b59f.pdf
   39 kw    159727 chars  2017__Ahtna_Inc.__2017_Ahtna_Annual-Report-FINAL-LOW-RES-04-30-18__f577b3e0.pdf
   52 kw    126359 chars  2017__Aleut_Corporation__2017_Aleut_Annual_Report_Rec._9-27-17__440bb7bf.pdf
    6 kw     18338 chars  2017__Arctic_Slope_Regional_Corporation__2017_ASRC_Annual_Report_5-9-18__956f4fb
   95 kw    144813 chars  2017__Bering_Straits_Native_Corporation__2017_Bering_Straits_-_ANNUAL_REPORT_Rec
   66 kw    144219 chars  2017__Bristol_Bay_Native_Corporation__2017_Bristol_Bay_Annual_Report_8-28-17__40
    0 kw       367 chars  2017__Calista_Corporation__2017_Calista_Annual_Report_5-23-18__8bf6a516.pdf
   69 kw    148243 chars  2017__Chugach_Alaska_Corporation__2017_Chugach_Annual_Report_6-28-18__063c5913.p
    0 kw      1254 chars  2017__Cook_Inlet_Region_Inc.___2017_CIRI_Annual_Report-04-09-18__0887a921.pdf
   74 kw    137832 chars  2017__Doyon_Limited__2017_Doyon_Limited_Annual_Report_Rec._1-26-2018__ce6f975e.p
   77 kw    165189 chars  2017__Koniag_Inc.__2017_Koniag_Annual_Report_8-16-17__45a79f5f.pdf
   84 kw    221456 chars  2017__NANA_Regional_Corporation_Inc.__2017_NANA_-_Annual_Report_02-02-18__8acc3e
   71 kw    118746 chars  2017__Sealaska_Corporation__2017_Sealaska_Annual_Report-05-03-18__d43e6b87.pdf
   36 kw    164740 chars  2018__Ahtna_Inc.__2018_Ahtna_Annual_Report_4-22-19__b9757300.pdf
   55 kw    169201 chars  2018__Aleut_Corporation__2018_Aleut_Annual_Report_10-17-18__bf712d9c.pdf
  144 kw    178159 chars  2018__Arctic_Slope_Regional_Corporation__2018_ASRC_Annual_Report_5-9-19__6da7b02
   42 kw    114297 chars  2018__Bering_Straits_Native_Corporation__2018_Bering_Straits_Annual_Report_9-4-1
   68 kw    137616 chars  2018__Bristol_Bay_Native_Corporation__2018_Bristol_Bay_Annual_Report_8-17-18__07
   61 kw    125600 chars  2018__Calista_Corporation__2018_Calista_Annual_Report_5-16-19__b3ee6df9.pdf
   48 kw    132734 chars  2018__Chugach_Alaska_Corporation__2018_Chugach_Annual_Report_6-28-19__6997f99a.p
  118 kw    234773 chars  2018__Cook_Inlet_Region_Inc.___2018_CIRI_Annual_Report_4-29-19__477838a9.pdf
  118 kw    236219 chars  2018__Cook_Inlet_Region_Inc.___2018_CIRI_Annual_Report_4-8-19__3d9478e3.pdf
   73 kw    146894 chars  2018__Doyon_Limited__2018_Doyon_Annual_Report_1-24-19__1a06fadb.pdf
   76 kw    178109 chars  2018__Koniag_Inc.__2018_Koniag_Annual_Report_8-16-18__32e8f0a7.pdf
    0 kw      1239 chars  2018__NANA_Regional_Corporation_Inc.__2018_NANA_-_Announces_2018_Annual_Meeting_
    0 kw        37 chars  2018__NANA_Regional_Corporation_Inc.__2018_NANA_-_Annual_Meeting_Evelope_Rec._2-
    0 kw      1675 chars  2018__NANA_Regional_Corporation_Inc.__2018_NANA_-_Annual_Meeting_Facebook_Event_
    0 kw     15391 chars  2018__NANA_Regional_Corporation_Inc.__2018_NANA_-_How_to_vote_Rec._2-8-18__8ddb2
    0 kw       679 chars  2018__NANA_Regional_Corporation_Inc.__2018_NANA_-_Prize_Card_Rec._2-8-18__6310aa
    0 kw      3491 chars  2018__NANA_Regional_Corporation_Inc.__2018_NANA_-_Proxy_Example_Rec._2-8-18__dc0
    4 kw     41137 chars  2018__NANA_Regional_Corporation_Inc.__2018_NANA_-_Regional_Corporation_Amended_N
    0 kw      1873 chars  2018__NANA_Regional_Corporation_Inc.__2018_NANA_-_Shareholder_Cover_Letter_Cropp
    0 kw       373 chars  2018__NANA_Regional_Corporation_Inc.__2018_NANA_-_Yellow_Envelopes_Rec._2-2-18__
   79 kw    193621 chars  2018__NANA_Regional_Corporation_Inc.__2018_NANA_Annual_Report_2-11-19__190b02db.
    0 kw      4103 chars  2018__NANA_Regional_Corporation_Inc.__2018_NANA_Regional_Corporation_-_Annual_Me
    1 kw     81520 chars  2018__NANA_Regional_Corporation_Inc.__2018_NANA_Regional_Corporation_-_Annual_Me
    0 kw       817 chars  2018__NANA_Regional_Corporation_Inc.__2018_NANA_Regional_Corporation_-_Annual_Me
    0 kw       669 chars  2018__NANA_Regional_Corporation_Inc.__2018_NANA_Regional_Corporation_-_Annual_Me
    0 kw     56209 chars  2018__NANA_Regional_Corporation_Inc.__2018_NANA_Regional_Corporation_-_Sharehold
   75 kw    131130 chars  2018__Sealaska_Corporation__2018_Sealaska_Annual_Report_5-3-19__c972dd53.pdf
   34 kw    158890 chars  2019__Ahtna_Inc.__2019_Ahtna_Annual_Report_4-20-2020__6cd69da0.pdf
   41 kw    117623 chars  2019__Aleut_Corporation__2019_Aleut_Corp._Annual_Report_-_Final_Rec._9-3-19__818
  146 kw    179672 chars  2019__Arctic_Slope_Regional_Corporation__2019_ASRC_Annual_Report_5-5-20__31c92ac
   34 kw    125459 chars  2019__Bering_Straits_Native_Corporation__2019_Bering_Straits_Annual_Report_9-3-1
   83 kw    154488 chars  2019__Bristol_Bay_Native_Corporation__2019_Bristol_Bay_Annual_Report_8-14-19__ea
   71 kw    158959 chars  2019__Calista_Corporation__2019_Calista_Annual_Report_06-19-20__2a21f7aa.pdf
   42 kw    179440 chars  2019__Chugach_Alaska_Corporation__2019_Chugach_Annual_Report_6-26-2020__e6fc1e4d
   96 kw    227169 chars  2019__Cook_Inlet_Region_Inc.___2019_CIRI_Annual_Report_4-29-2020__1d96a49a.pdf
   54 kw    133542 chars  2019__Doyon_Limited__2019_Doyon_Annual_Report_1-29-20__ba919926.pdf
    0 kw      4923 chars  2019__Doyon_Limited__2019_Doyon_Settlement_Trust_Report_1-29-20__166f7481.pdf
   76 kw    173370 chars  2019__Koniag_Inc.__2019_Koniag_Annual_Report_12-28-2020__5dca78ab.pdf
   76 kw    173370 chars  2019__Koniag_Inc.__2019_Koniag_Annual_Report_Corrected_8-22-19__51fda037.pdf
   52 kw    201563 chars  2019__NANA_Regional_Corporation_Inc.__2019_NANA_Annual_Report_2-13-20__edfc2a3b.
   84 kw    145685 chars  2019__Sealaska_Corporation__2019_Sealaska_Annual_Report_5-6-2020__74a89774.pdf
   32 kw    170968 chars  2020__Ahtna_Inc.__2020_Ahtna_Annual_Report_4-19-21__a104d0e6.pdf
   64 kw    127261 chars  2020__Aleut_Corporation__2020_Aleut_Annual_Report_9-1-2020__6465b61d.pdf
   85 kw    175753 chars  2020__Arctic_Slope_Regional_Corporation__2020_Arctic_Slope_Regional_Corporation_
   36 kw    123091 chars  2020__Bering_Straits_Native_Corporation__2020_Bering_Straits_Annual_Report_8-27-
    1 kw     21396 chars  2020__Bering_Straits_Native_Corporation__2020_Bering_Straits_Settlement_Trust_Fi
  107 kw    202036 chars  2020__Bristol_Bay_Native_Corporation__2020_Bristol_Bay_Annual_Report_9-16-2020__
   63 kw    162333 chars  2020__Calista_Corporation__2020_Calista_Annual_Report_5-21-21__b0419760.pdf
   42 kw    185975 chars  2020__Chugach_Alaska_Corporation__2020_Chugach_Corporation_Annual_Report_07-06-2
  118 kw    245890 chars  2020__Cook_Inlet_Region_Inc.___2020_CIRI_-_Annual_Report_Rec._4-22-21__bbd4f0c5.
   40 kw    145596 chars  2020__Doyon_Limited__2020_Doyon_Annual_Report_1-29-21__1e8af2cf.pdf
    0 kw      4215 chars  2020__Doyon_Limited__2020_Doyon_Limited_-_Settlement_Trust_Report_Rec._1-29-21_A
   40 kw    177489 chars  2020__Doyon_Limited__2020_Doyon_Limited_Updated_Annual_Report_11-08-21__eb25c0d2
   57 kw    200251 chars  2020__Koniag_Inc.__2020_Koniag_Annual_Report_12-28-2020__a5c6f532.pdf
   50 kw    216712 chars  2020__NANA_Regional_Corporation_Inc.__2020_NANA_Annual_Report_2-11-2021__a1c6b0e
  109 kw    158778 chars  2020__Sealaska_Corporation__2020_Sealaska_Annual_Report-05-05-21__31ef0970.pdf
   34 kw    193845 chars  2021__Ahtna_Inc.__2021_Ahtna_Annual_Report_04-26-22__17322efc.pdf
   60 kw    128753 chars  2021__Aleut_Corporation__2021_Aleut_Corporation_Annual_Report_09-03-21_5__2501b3
   76 kw    190170 chars  2021__Arctic_Slope_Regional_Corporation__2021_Arctic_Slope_Annual_Report_Rec._5.
    0 kw       822 chars  2021__Bering_Straits_Native_Corporation__2021_Bering_Straits_Annual_Report-08-17
    0 kw       198 chars  2021__Bering_Straits_Native_Corporation__2021_Bering_Straits_Settlement_Trust_Fi
  144 kw    190356 chars  2021__Bristol_Bay_Native_Corporation__2021_Bristol_Bay_Annual_Report_8-11-21_2__
  144 kw    190356 chars  2021__Bristol_Bay_Native_Corporation__2021_Bristol_Bay_Annual_Report_8-11-21__f1
   42 kw    179423 chars  2021__Chugach_Alaska_Corporation__2021_Chugach_Alaska_Annual_Report_07-07-22__d0
  107 kw    244724 chars  2021__Cook_Inlet_Region_Inc.___2021_CIRI_Annual_Report_04-19-22__f5ce012d.pdf
  107 kw    229221 chars  2021__Cook_Inlet_Region_Inc.___2021_CIRI_Annual_Report_4.25.22__b6b793d9.pdf
   44 kw    165539 chars  2021__Doyon_Limited__2021_Doyon_Annual_Report_1.31.22__e02dc299.pdf
   81 kw    202225 chars  2021__Koniag_Inc.__2021_Koniag_Annual_Report_08-19-21_4__5f56f92e.pdf
    4 kw     74291 chars  2021__NANA_Regional_Corporation_Inc.__2021_NANA_Annual_Meeting_Minutes_2.9.2022_
   49 kw    219641 chars  2021__NANA_Regional_Corporation_Inc.__2021_NANA_Annual_Report_2.9.2022__6024abbb
  104 kw    187994 chars  2021__Sealaska_Corporation__2021_Sealaska_Annual_Report_05-13-22__67e1471c.pdf
   29 kw    164698 chars  2022__Ahtna_Inc.__2022_Ahtna_Annual_Report_5-16-2023__b116cb7b.pdf
   57 kw    135572 chars  2022__Aleut_Corporation__2022_Aleut_Corporation_Annual_Report_10-5-22__f6c87d53.
   88 kw    168072 chars  2022__Arctic_Slope_Regional_Corporation__2022_Arctic_Slope_Annual_Report_4-28-23
    0 kw       822 chars  2022__Bering_Straits_Native_Corporation__2022_Bering_Straits_Annual_Report_8-9-2
    0 kw       146 chars  2022__Bering_Straits_Native_Corporation__2022_Bering_Straits_Settlement_Trust_Fi
  193 kw    219412 chars  2022__Bristol_Bay_Native_Corporation__2022_Bristol_Bay_Annual_Report_08-16-22__5
   48 kw    136752 chars  2022__Calista_Corporation__2022_2021_Calista_Annual_Report_4.2.23__014826b9.pdf
   10 kw     87230 chars  2022__Chugach_Alaska_Corporation__2022_Chugach_Alaska_Annual_Report_6-27-2023__1
   85 kw    246770 chars  2022__Cook_Inlet_Region_Inc.___2022_CIRI_Annual_Report_4-14-23__e0d62526.pdf
   85 kw    224940 chars  2022__Cook_Inlet_Region_Inc.___2022_CIRI_Annual_Report_4.14.23_2__5036f962.pdf
   42 kw    154657 chars  2022__Doyon_Limited__2022_Doyon_Annual_Report_1-25-23__51557004.pdf
    0 kw      3472 chars  2022__Doyon_Limited__2022_Doyon_Settlement_Trust_Report_1-25-23_2__bf9455ab.pdf
   99 kw    186776 chars  2022__Koniag_Inc.__2022_Koniag_Annual_Report_08-19-22__5e3294bd.pdf
   48 kw    209659 chars  2022__NANA_Regional_Corporation_Inc.__2022_NANA_Annual_Report_2-8-23__7237cd22.p
  108 kw    192374 chars  2022__Sealaska_Corporation__2022_Sealaska_Annual_Report_05-09-2023__333e448d.pdf
    0 kw       276 chars  2022__Sealaska_Corporation__2022_Sealaska_VIkki_Mata_Proxy_Materials_05-25-22__c
    0 kw       844 chars  2022__Sealaska_Corporation__2022_Sealaska_VIkki_Mata_Proxy_Materials_06-06-22_2_
    0 kw      7895 chars  2022__Sealaska_Corporation__2022_Sealaska_VIkki_Mata_Proxy_Materials_06-06-22__8
    0 kw       410 chars  2022__Sealaska_Corporation__2022_Sealaska_VIkki_Mata_Proxy_Materials_06-13-22__6
    0 kw       889 chars  2022__Sealaska_Corporation__2022_Sealaska_VIkki_Mata_Proxy_Materials_06-20-22__6
   29 kw    153693 chars  2023__Ahtna_Inc.__2023_Ahtna_Annual_Report_8-30-24__4aa367fd.pdf
   36 kw     88070 chars  2023__Aleut_Corporation__2023_Aleut_Annual_Report_8-31-23__53f14019.pdf
  133 kw    175459 chars  2023__Arctic_Slope_Regional_Corporation__2023_ASRC_Annual_Report_4-30-24__0570a1
  133 kw    175459 chars  2023__Arctic_Slope_Regional_Corporation__2023_ASRC_Annual_Report_5-1-24__01e6b8f
   73 kw    143936 chars  2023__Bering_Straits_Native_Corporation__2023_Bering_Straits_Annual_Report_8-17-
    6 kw     25074 chars  2023__Bering_Straits_Native_Corporation__2023_Bering_Straits_Settlement_Trust_8-
  193 kw    219093 chars  2023__Bristol_Bay_Native_Corporation__2023_Bristol_Bay_Annual_Report_8-18-23__8b
   55 kw    162104 chars  2023__Calista_Corporation__2023_Calista_Annual_Report_5-24-24__0e0ea7b2.pdf
   43 kw    118244 chars  2023__Calista_Corporation__2023_Calista_Annual_Report_5.1.24__1f712b92.pdf
   44 kw    153918 chars  2023__Chugach_Alaska_Corporation__2023_Chugach_Annual_Report_7-3-24__12b566fa.pd
   74 kw    242851 chars  2023__Cook_Inlet_Region_Inc.___2023_CIRI_Annual_Report_4-16-24__420dc4e1.pdf
    0 kw      3466 chars  2023__Doyon_Limited__2023_Doyon_Annual_Report_1-24-24_2__d8de3fe6.pdf
   59 kw    162100 chars  2023__Doyon_Limited__2023_Doyon_Annual_Report_1-24-24__9f27a9b9.pdf
   93 kw    188841 chars  2023__Koniag_Inc.__2023_Koniag_Annual_Report_9-01-23_2__589cce03.pdf
   93 kw    188660 chars  2023__Koniag_Inc.__2023_Koniag_Annual_Report_9-01-23__aade8967.pdf
   92 kw    225186 chars  2023__NANA_Regional_Corporation_Inc.__2023_NANA_Annual_Report_2-01-24__20924fbf.
  100 kw    174515 chars  2023__Sealaska_Corporation__2023_Sealaska_Annual_Report_5-13-24__f024b6ac.pdf
   64 kw    151911 chars  2024__Ahtna_Inc.__2024_Ahtna_Annual_Report_5-07-25__f083b592.pdf
   40 kw    149146 chars  2024__Aleut_Corporation__2024_Aleut_Annual_Report_8-16-24__44364200.pdf
  118 kw    171125 chars  2024__Arctic_Slope_Regional_Corporation__2024_ASRC_Annual_Report_5-2-25__7624f30
   57 kw    138137 chars  2024__Bering_Straits_Native_Corporation__2024_Bering_Straits_Annual_Report_8-12-
    8 kw     28546 chars  2024__Bering_Straits_Native_Corporation__2024_Bering_Straits_Financials_8-12-24_
  200 kw    237234 chars  2024__Bristol_Bay_Native_Corporation__2024_Bristol_Bay_Annual_Report_8-19-24_2__
   56 kw    132263 chars  2024__Calista_Corporation__2024_Calista_Annual_Report_4-30-25__89ea840b.pdf
   56 kw    140293 chars  2024__Chugach_Alaska_Corporation__2024_Chugach_Annual_Report_6-11-25__df794ef7.p
   56 kw    140310 chars  2024__Chugach_Alaska_Corporation__2024_Chugach_Annual_Report_6-23-25__0f0e0e5a.p
    0 kw       182 chars  2024__Chugach_Alaska_Corporation__2024_Chugach_Annual_Report_6-27-25__5121f88d.p
  111 kw    212386 chars  2024__Cook_Inlet_Region_Inc.___2024_CIRI_Annual_Report_4-10-25__25857775.pdf
    0 kw      3464 chars  2024__Doyon_Limited__2024_Doyon_Annual_Report_1-22-25_2__16096f73.pdf
   50 kw    163894 chars  2024__Doyon_Limited__2024_Doyon_Annual_Report_1-22-25__9a3255ca.pdf
    0 kw       185 chars  2024__Doyon_Limited__2024_Doyon_Annual_Report_2-11-26__3b705809.pdf
    0 kw      3464 chars  2024__Doyon_Limited__2024_Doyon_Annual_Report_Settlement_Trust_2-11-26__b322036f
   64 kw    179857 chars  2024__Koniag_Inc.__2024_Koniag_Annual_Report_8-19-24__ee01f770.pdf
   62 kw    225797 chars  2024__NANA_Regional_Corporation_Inc.__2024_Nana_Annual_Report_2-6-25__820e817d.p
  103 kw    164682 chars  2024__Sealaska_Corporation__2024_Sealaska_Annual_Report_5-2-25__4c8f3297.pdf
   63 kw    169655 chars  2025__Ahtna_Inc.__2025_Ahtna_Inc._Annual_Report_4-28-2026__caf1c725.pdf
   65 kw    147721 chars  2025__Aleut_Corporation__2025_Aleut_Corporation_Annual_Report_8-29-2025__9e292af
  109 kw    167340 chars  2025__Arctic_Slope_Regional_Corporation__2025_Arctic_Slope_Regional_Corporation_
   20 kw    126417 chars  2025__Bering_Straits_Native_Corporation__2025_Bering_Straits_Annual_Report_8-8-2
    6 kw     26837 chars  2025__Bering_Straits_Native_Corporation__2025_Bering_Straits_Native_Corporation_
  154 kw    218519 chars  2025__Bristol_Bay_Native_Corporation__2025_Bristol_Bay_Native_Corporation_Annual
   54 kw    128717 chars  2025__Calista_Corporation__2025_Calista_Corporation_Annual_Report_4-28-2026_1__5
    1 kw     35353 chars  2025__Calista_Corporation__2025_Calista_Corporation_Annual_Report_4-28-2026_2__7
   71 kw    150807 chars  2025__Chugach_Alaska_Corporation__2025_Chugach_Alaska_Corporation_Annual_Report_
  119 kw    199630 chars  2025__Cook_Inlet_Region_Inc.___2025_CIRI_Annual_Report_4-17-2026_5__4360ed40.pdf
   49 kw    157108 chars  2025__Doyon_Limited__2025_Doyon_Limited_Annual_Report_1-21-2026__ab12daf8.pdf
   54 kw    162807 chars  2025__Koniag_Inc.__2025_Koniag_Inc._Annual_Report_8-27-2025_2__d49f7e64.pdf
   54 kw    162807 chars  2025__Koniag_Inc.__2025_Koniag_Inc._Annual_Report_9-11-2025_1__2cae55f9.pdf
   52 kw    232954 chars  2025__NANA_Regional_Corporation_Inc.__2025_NANA_Regional_Corporation_Inc._Annual
   74 kw    176292 chars  2025__Sealaska_Corporation__2025_Sealaska_Corporation_Annual_Report_5-6-2026__be
   35 kw    122849 chars  2026__Bering_Straits_Native_Corporation__2026_Bering_Straits_Native_Corporation_
